
> sakai-ng@20.0.0 start
> ng serve

[33m>[39m Building...
[32m√[39m Building...
[1mInitial chunk files[22m[2m | [22m[1mNames[22m        [2m | [22m [1mRaw size[22m
[32mmain.js[39m            [2m | [22m[2mmain[22m         [2m | [22m[36m352.07 kB[39m[2m | [22m
[32mstyles.css[39m         [2m | [22m[2mstyles[22m       [2m | [22m [36m87.74 kB[39m[2m | [22m
[32mchunk-AAVMLEAM.js[39m  [2m | [22m[2m-[22m            [2m | [22m [36m33.22 kB[39m[2m | [22m
[32mchunk-4MJXMH75.js[39m  [2m | [22m[2m-[22m            [2m | [22m [36m28.22 kB[39m[2m | [22m
[32mchunk-V26ISSP6.js[39m  [2m | [22m[2m-[22m            [2m | [22m [36m23.28 kB[39m[2m | [22m
[32mchunk-BPNOUFG6.js[39m  [2m | [22m[2m-[22m            [2m | [22m  [36m5.00 kB[39m[2m | [22m
[32mchunk-CZJLB7T5.js[39m  [2m | [22m[2m-[22m            [2m | [22m  [36m1.08 kB[39m[2m | [22m
[32mpolyfills.js[39m       [2m | [22m[2mpolyfills[22m    [2m | [22m [36m95 bytes[39m[2m | [22m

[1m [22m                  [2m | [22m[1mInitial total[22m[2m | [22m[1m530.72 kB[22m

[1mLazy chunk files[22m   [2m | [22m[1mNames[22m        [2m | [22m [1mRaw size[22m
[32mchunk-U2WX3MTC.js[39m  [2m | [22m[2muikit-routes[22m [2m | [22m[36m612.35 kB[39m[2m | [22m
[32mchunk-UYNYDLPW.js[39m  [2m | [22m[2mpages-routes[22m [2m | [22m[36m275.25 kB[39m[2m | [22m
[32mchunk-RQGH4DYP.js[39m  [2m | [22m[2mauth-routes[22m  [2m | [22m [36m35.40 kB[39m[2m | [22m

Application bundle generation complete. [18.733 seconds]

Watch mode enabled. Watching for file changes...
NOTE: Raw file sizes do not reflect development server per-request transformations.
  [32m➜[39m  [1mLocal[22m:   [36mhttp://localhost:[1m4200[22m/[39m
[33m>[39m Changes detected. Rebuilding...
[32m√[39m Changes detected. Rebuilding...
[1mInitial chunk files[22m[2m | [22m[1mNames[22m[2m | [22m [1mRaw size[22m
[32mmain.js[39m            [2m | [22m[2mmain[22m [2m | [22m[36m351.88 kB[39m[2m | [22m

Application bundle generation complete. [27.568 seconds]

Page reload sent to client(s).
[33m>[39m Changes detected. Rebuilding...
[32m√[39m Changes detected. Rebuilding...
[1mInitial chunk files[22m[2m | [22m[1mNames[22m[2m | [22m [1mRaw size[22m
[32mmain.js[39m            [2m | [22m[2mmain[22m [2m | [22m[36m352.38 kB[39m[2m | [22m

Application bundle generation complete. [12.190 seconds]

Page reload sent to client(s).
[33m>[39m Changes detected. Rebuilding...
[32m√[39m Changes detected. Rebuilding...
[1mInitial chunk files[22m[2m | [22m[1mNames[22m[2m | [22m [1mRaw size[22m
[32mmain.js[39m            [2m | [22m[2mmain[22m [2m | [22m[36m352.37 kB[39m[2m | [22m

Application bundle generation complete. [8.606 seconds]

Component update sent to client(s).
[33m>[39m Changes detected. Rebuilding...
[32m√[39m Changes detected. Rebuilding...
[1mInitial chunk files[22m[2m | [22m[1mNames[22m[2m | [22m [1mRaw size[22m
[32mmain.js[39m            [2m | [22m[2mmain[22m [2m | [22m[36m352.37 kB[39m[2m | [22m

Application bundle generation complete. [20.057 seconds]

Page reload sent to client(s).
[33m>[39m Changes detected. Rebuilding...
[32m√[39m Changes detected. Rebuilding...
Application bundle generation failed. [9.721 seconds]

[33m>[39m Changes detected. Rebuilding...
[32m√[39m Changes detected. Rebuilding...
Application bundle generation failed. [5.210 seconds]

[33m>[39m Changes detected. Rebuilding...
[32m√[39m Changes detected. Rebuilding...
Application bundle generation failed. [7.311 seconds]

[33m>[39m Changes detected. Rebuilding...
[32m√[39m Changes detected. Rebuilding...
Application bundle generation failed. [6.820 seconds]

[33m>[39m Changes detected. Rebuilding...
[32m√[39m Changes detected. Rebuilding...
Application bundle generation failed. [30.081 seconds]

[33m>[39m Changes detected. Rebuilding...
[32m√[39m Changes detected. Rebuilding...
[1mInitial chunk files[22m[2m | [22m[1mNames[22m        [2m | [22m [1mRaw size[22m
[32mmain.js[39m            [2m | [22m[2mmain[22m         [2m | [22m[36m396.47 kB[39m[2m | [22m
[32mstyles.css[39m         [2m | [22m[2mstyles[22m       [2m | [22m [36m90.51 kB[39m[2m | [22m
[32mchunk-AAVMLEAM.js[39m  [2m | [22m[2m-[22m            [2m | [22m [36m33.22 kB[39m[2m | [22m
[32mchunk-4MJXMH75.js[39m  [2m | [22m[2m-[22m            [2m | [22m [36m28.22 kB[39m[2m | [22m
[32mchunk-HUZVXFXK.js[39m  [2m | [22m[2m-[22m            [2m | [22m [36m25.87 kB[39m[2m | [22m
[32mchunk-BPNOUFG6.js[39m  [2m | [22m[2m-[22m            [2m | [22m  [36m5.00 kB[39m[2m | [22m
[32mchunk-CZJLB7T5.js[39m  [2m | [22m[2m-[22m            [2m | [22m  [36m1.08 kB[39m[2m | [22m
[32mpolyfills.js[39m       [2m | [22m[2mpolyfills[22m    [2m | [22m [36m95 bytes[39m[2m | [22m

[1m [22m                  [2m | [22m[1mInitial total[22m[2m | [22m[1m580.47 kB[22m

[1mLazy chunk files[22m   [2m | [22m[1mNames[22m        [2m | [22m [1mRaw size[22m
[32mchunk-U2WX3MTC.js[39m  [2m | [22m[2muikit-routes[22m [2m | [22m[36m612.35 kB[39m[2m | [22m
[32mchunk-OO2VQ5QP.js[39m  [2m | [22m[2mpages-routes[22m [2m | [22m[36m319.91 kB[39m[2m | [22m
[32mchunk-RQGH4DYP.js[39m  [2m | [22m[2mauth-routes[22m  [2m | [22m [36m35.40 kB[39m[2m | [22m

Application bundle generation complete. [22.848 seconds]

Page reload sent to client(s).
[2m22:57:53[22m [36m[1m[vite][22m[39m [90m[2m(client)[22m[39m [32m✨ new dependencies optimized: [33m@angular/core/rxjs-interop[32m[39m
[2m22:57:53[22m [36m[1m[vite][22m[39m [90m[2m(client)[22m[39m [32m✨ optimized dependencies changed. reloading[39m
